// Jest Snapshot v1, https://goo.gl/fbAQLP

exports[`renders Quapp Logo unchanged 1`] = `
<div>
  <svg
    fill="none"
    height="42"
    role="img"
    title="Quapp Logo"
    viewBox="0 0 196 66"
    width="140"
    xmlns="http://www.w3.org/2000/svg"
  >
    <g
      filter="url(#filter0_d_672_120)"
    >
      <path
        d="M3.99998 20.3488C3.99998 9.03552 12.9855 3.57393 22.6736 3.57393C32.3617 3.57393 41.3473 9.03552 41.3473 20.3488C41.3473 31.6621 32.3617 37.1237 22.6736 37.1237C12.9855 37.1237 3.99998 31.6621 3.99998 20.3488ZM28.8457 20.3488C28.8457 11.1434 27.283 5.13438 22.6736 5.13438C18.0643 5.13438 16.5016 11.1434 16.5016 20.3488C16.5016 29.5542 18.0643 35.4846 22.6736 35.4846C27.283 35.4846 28.8457 29.5542 28.8457 20.3488Z"
        fill="url(#paint0_linear_672_120)"
      />
      <path
        d="M102.762 29.2428C102.349 24.2468 102.762 9.18971 102.762 9.18971C102.762 6.38027 101.59 5.13127 100.418 5.13127C99.246 5.13127 98.0739 6.38026 98.0739 8.79959C98.0739 10.5929 98.8553 12.5434 100.576 13.0122C99.4823 14.494 97.6833 15.5857 94.0128 15.5857C90.0273 15.5857 87.6832 13.1663 87.6832 10.4356C87.6832 6.53442 91.2781 3.57082 99.7942 3.57082C108.31 3.57082 115.264 6.38026 115.264 16.2117V27.2136C115.264 30.6459 116.514 32.0522 118.077 32.0522C118.468 32.0522 118.937 31.9736 119.407 31.7408C118.783 34.0028 116.124 37.1237 110.969 37.1237C107.453 37.1237 103.959 35.0693 103.077 31.1147C102.973 30.6522 102.803 29.7147 102.765 29.2428H102.762Z"
        fill="url(#paint1_linear_672_120)"
      />
      <path
        d="M180.068 19.9587C180.068 27.761 175.639 31.8194 171.722 31.8194C170.613 31.8194 169.508 31.4293 168.619 30.8064C169.801 33.6158 172.756 36.3466 177.85 36.3466C186.417 36.3466 191.883 29.0918 191.883 19.9618C191.883 10.8319 186.417 3.57707 177.85 3.57707C172.756 3.57707 169.801 6.30787 168.619 9.11732C169.505 8.49439 170.613 8.10428 171.722 8.10428C175.636 8.10428 180.068 12.1627 180.068 19.965V19.9587Z"
        fill="url(#paint2_linear_672_120)"
      />
      <path
        d="M156.804 13.2481V43.614C156.804 44.3722 156.726 45.3255 155.67 45.8006C155.689 45.8006 156.852 45.8918 156.886 45.8949C159.955 46.1435 162.403 46.5808 163.799 46.8608C166.256 47.3547 168.493 47.9682 170.497 48.6194C168.802 47.2981 168.622 45.9421 168.622 44.2779V3.57393C165.667 5.29169 159.76 6.77349 154.221 7.39641C156.804 7.70787 156.804 10.1272 156.804 13.2481Z"
        fill="url(#paint3_linear_672_120)"
      />
      <path
        d="M143.143 19.9587C143.143 27.761 138.71 31.8194 134.797 31.8194C133.688 31.8194 132.583 31.4293 131.694 30.8064C132.876 33.6158 135.831 36.3466 140.925 36.3466C149.492 36.3466 154.958 29.0918 154.958 19.9618C154.958 10.8319 149.492 3.57707 140.925 3.57707C135.831 3.57707 132.876 6.30787 131.694 9.11732C132.579 8.49439 133.688 8.10428 134.797 8.10428C138.71 8.10428 143.143 12.1627 143.143 19.965V19.9587Z"
        fill="url(#paint4_linear_672_120)"
      />
      <path
        d="M118.32 56.2801C119.577 55.3961 121.609 54.0464 124.221 52.6464C125.67 51.8693 128.153 50.6172 131.36 49.4185C131.499 49.3651 133.399 48.8302 133.477 48.8019C132.831 48.7642 131.694 48.0594 131.694 46.7758C131.694 45.3161 131.694 31.294 131.694 30.8064V3.57707C128.739 5.29483 122.831 6.77664 117.293 7.39956C119.876 7.71102 119.876 10.1303 119.876 13.2513V52.1462C119.876 53.6311 119.281 54.9934 118.32 56.2833V56.2801Z"
        fill="url(#paint5_linear_672_120)"
      />
      <path
        d="M61.2717 30.259C56.9743 30.259 55.8023 27.0594 55.8023 20.8176C55.8023 20.6603 55.8023 12.9713 55.8023 12.814C55.8023 11.3857 56.404 11.0207 56.6939 10.7407C56.7096 10.725 55.7455 10.8823 55.7014 10.8854C55.2194 10.9358 54.5672 10.9955 53.7953 11.0364C53.7953 11.0364 52.7777 11.0931 51.76 11.0931C48.7984 11.0931 45.4431 10.6023 42.68 9.95419C43.3448 10.5362 43.3006 11.7506 43.3006 13.2513V23.5515C43.3006 30.8064 45.8023 37.1268 54.3971 37.1268C60.8811 37.1268 64.4759 32.9143 65.6479 28.0756C64.6334 29.4787 62.9132 30.259 61.2717 30.259Z"
        fill="url(#paint6_linear_672_120)"
      />
      <path
        d="M78.1495 27.2136V2.35327C78.1495 1.8027 78.096 1.00674 78.6568 0C77.2642 1.61079 74.7343 3.3663 72.261 4.98653C70.1375 6.3771 67.2232 7.85575 64.8319 8.79957C65.7865 9.36272 65.6479 12.0023 65.6479 13.2481V28.4625C65.6479 34.0028 69.5547 37.1237 73.8521 37.1237C79.0096 37.1237 81.6656 34.0028 82.2894 31.7408C81.82 31.9736 81.3505 32.0522 80.9598 32.0522C79.3971 32.0522 78.1463 30.6491 78.1463 27.2136H78.1495Z"
        fill="url(#paint7_linear_672_120)"
      />
      <path
        d="M102.724 21.1007C101.955 20.7169 101.165 20.5281 100.204 20.5281C96.8105 20.5281 95.1628 23.3596 95.1628 25.5619C95.1628 27.4495 96.1079 30.281 99.8887 30.281C100.85 30.281 102.271 29.7776 103.039 29.3938C103.039 32.1686 100.519 36.8877 94.7217 37.2023C86.9807 37.6239 82.5603 33.1124 82.5603 27.1349C82.5603 21.1574 87.1067 17.0675 94.5326 17.0675C99.5736 17.0675 101.7 19.3735 102.724 21.1007Z"
        fill="url(#paint8_linear_672_120)"
      />
      <path
        d="M18.0864 31.9484C18.1777 31.8383 18.8142 31.0833 19.6207 30.8882C19.9326 30.8127 20.5911 30.7372 21.6087 31.3916C22.201 31.7722 24.1418 34.3268 25.9818 36.9381C27.6138 39.3826 29.4821 41.5974 31.5205 43.7053C38.8488 51.2873 48.7102 56.7552 59.3656 57.7274C70.2478 58.7215 79.2932 57.1044 87.6769 51.0954C91.9208 47.424 94.1168 45.5552 97.2453 41.028C89.4161 43.3687 84.1483 40.8801 81.9901 37.7718C81.7822 40.446 79.9327 42.4406 79.6082 42.7583C78.2976 44.0325 77.7399 44.4383 75.5943 45.7565C70.3454 48.9844 66.3977 49.384 60.2036 49.8433C48.2187 50.633 35.9314 44.0671 27.7807 35.5287L24.9515 31.8603C23.8047 30.517 22.7965 29.1107 20.9345 28.7394C20.6352 28.6796 18.8582 28.5223 17.3617 29.7493C17.557 30.5641 17.7965 31.2909 18.0801 31.9484H18.0864Z"
        fill="url(#paint9_linear_672_120)"
      />
    </g>
    <defs>
      <filter
        color-interpolation-filters="sRGB"
        filterUnits="userSpaceOnUse"
        height="66"
        id="filter0_d_672_120"
        width="195.883"
        x="-2.28882e-05"
        y="0"
      >
        <feflood
          flood-opacity="0"
          result="BackgroundImageFix"
        />
        <fecolormatrix
          in="SourceAlpha"
          result="hardAlpha"
          type="matrix"
          values="0 0 0 0 0 0 0 0 0 0 0 0 0 0 0 0 0 0 127 0"
        />
        <feoffset
          dy="4"
        />
        <fegaussianblur
          stdDeviation="2"
        />
        <fecomposite
          in2="hardAlpha"
          operator="out"
        />
        <fecolormatrix
          type="matrix"
          values="0 0 0 0 0 0 0 0 0 0 0 0 0 0 0 0 0 0 0.15 0"
        />
        <feblend
          in2="BackgroundImageFix"
          mode="normal"
          result="effect1_dropShadow_672_120"
        />
        <feblend
          in="SourceGraphic"
          in2="effect1_dropShadow_672_120"
          mode="normal"
          result="shape"
        />
      </filter>
      <lineargradient
        gradientUnits="userSpaceOnUse"
        id="paint0_linear_672_120"
        x1="31.4922"
        x2="13.8963"
        y1="35.5978"
        y2="5.07784"
      >
        <stop
          stop-color="#C8C8C8"
        />
        <stop
          offset="0.18"
          stop-color="white"
        />
      </lineargradient>
      <lineargradient
        gradientUnits="userSpaceOnUse"
        id="paint1_linear_672_120"
        x1="121.511"
        x2="87.695"
        y1="28.45"
        y2="8.89904"
      >
        <stop
          stop-color="#C8C8C8"
        />
        <stop
          offset="0.28"
          stop-color="white"
        />
      </lineargradient>
      <lineargradient
        gradientUnits="userSpaceOnUse"
        id="paint2_linear_672_120"
        x1="186.474"
        x2="170.591"
        y1="33.4868"
        y2="5.94203"
      >
        <stop
          offset="0.09"
          stop-color="#C8C8C8"
        />
        <stop
          offset="0.47"
          stop-color="white"
        />
      </lineargradient>
      <lineargradient
        gradientUnits="userSpaceOnUse"
        id="paint3_linear_672_120"
        x1="174.612"
        x2="152.715"
        y1="46.2473"
        y2="8.26569"
      >
        <stop
          offset="0.09"
          stop-color="#C8C8C8"
        />
        <stop
          offset="0.47"
          stop-color="white"
        />
      </lineargradient>
      <lineargradient
        gradientUnits="userSpaceOnUse"
        id="paint4_linear_672_120"
        x1="149.545"
        x2="133.666"
        y1="33.4868"
        y2="5.94199"
      >
        <stop
          stop-color="#C8C8C8"
        />
        <stop
          offset="0.18"
          stop-color="white"
        />
      </lineargradient>
      <lineargradient
        gradientUnits="userSpaceOnUse"
        id="paint5_linear_672_120"
        x1="135.311"
        x2="113.358"
        y1="47.7448"
        y2="9.66564"
      >
        <stop
          stop-color="#C8C8C8"
        />
        <stop
          offset="0.18"
          stop-color="white"
        />
      </lineargradient>
      <lineargradient
        gradientUnits="userSpaceOnUse"
        id="paint6_linear_672_120"
        x1="59.3971"
        x2="43.8793"
        y1="36.1736"
        y2="9.26159"
      >
        <stop
          stop-color="#C8C8C8"
        />
        <stop
          offset="0.18"
          stop-color="white"
        />
      </lineargradient>
      <lineargradient
        gradientUnits="userSpaceOnUse"
        id="paint7_linear_672_120"
        x1="86.3631"
        x2="63.1851"
        y1="25.0491"
        y2="11.6462"
      >
        <stop
          stop-color="#C8C8C8"
        />
        <stop
          offset="0.35"
          stop-color="white"
        />
      </lineargradient>
      <lineargradient
        gradientUnits="userSpaceOnUse"
        id="paint8_linear_672_120"
        x1="98.7356"
        x2="88.3861"
        y1="36.1012"
        y2="18.1525"
      >
        <stop
          stop-color="#C8C8C8"
        />
        <stop
          offset="0.18"
          stop-color="white"
        />
      </lineargradient>
      <lineargradient
        gradientUnits="userSpaceOnUse"
        id="paint9_linear_672_120"
        x1="17.368"
        x2="97.2485"
        y1="43.3529"
        y2="43.3529"
      >
        <stop
          stop-color="#C8C8C8"
        />
        <stop
          offset="0.08"
          stop-color="white"
        />
        <stop
          offset="0.77"
          stop-color="white"
        />
        <stop
          offset="1"
          stop-color="#C8C8C8"
        />
      </lineargradient>
    </defs>
  </svg>
</div>
`;
